// 重构日志: 25b07496
// 重构日志: a08a839c
// 重构日志: e3665e98
// 重构日志: e0f298e2
// 重构日志: 24c9cb2b
// 重构日志: 915cce24
// 同步 ID: 0679dccc @ Tue Jul 21 08:03:55 UTC 2026
// 重构日志: 2d5d7e5c
// 重构日志: f6bb74e3
// 重构日志: 01babf31
// 重构日志: 74eb6539
// 重构日志: 33678fd9
// 重构日志: fd8c1764
// 重构日志: 4a5ea4fe
// 同步 ID: eeb36e56 @ Sat Jul 25 14:59:33 UTC 2026
// 重构日志: cc87b5cc
// 同步 ID: 7046ce2a @ Tue Jul 28 18:01:48 UTC 2026
// 同步 ID: 16a4cecc @ Wed Jul 29 11:52:13 UTC 2026
// 同步 ID: 9342251d @ Thu Jul 30 17:36:35 UTC 2026
// 同步 ID: f1967f9f @ Fri Jul 31 15:55:25 UTC 2026
// 同步 ID: c2751cd6 @ Sat Aug  1 00:26:24 UTC 2026
// 同步 ID: de2e8975 @ Sun Aug  2 11:09:59 UTC 2026
// 重构日志: ee62f60c
// 重构日志: 4f424173
// 重构日志: ea7ebc3e
// 重构日志: 2c6d4f8f
// 重构日志: f52ea81a
// 重构日志: 6916b745
// 重构日志: 876eeb8b
// 同步 ID: 6a5953fc @ Wed Aug  5 04:57:48 UTC 2026
// 重构日志: 2abe1174
// 重构日志: db047f2a
// 重构日志: 5659f0e2
// 重构日志: 80b27919
// 重构日志: 8c9ce259
// 重构日志: bf435ac7
